[dhyon.crevado.com/index.html]
[backblue.gif]
[fade.gif]
[index.html]
[cdn.crevado.com/images/favicons/apple-icon-57x57.png]
[cdn.crevado.com/images/favicons/apple-icon-60x60.png]
[cdn.crevado.com/images/favicons/apple-icon-72x72.png]
[cdn.crevado.com/images/favicons/apple-icon-76x76.png]
[cdn.crevado.com/images/favicons/apple-icon-114x114.png]
[cdn.crevado.com/images/favicons/apple-icon-120x120.png]
[cdn.crevado.com/images/favicons/apple-icon-144x144.png]
[cdn.crevado.com/images/favicons/apple-icon-152x152.png]
[cdn.crevado.com/images/favicons/apple-icon-180x180.png]
[cdn.crevado.com/images/favicons/android-icon-192x192.png]
[cdn.crevado.com/images/favicons/favicon-32x32.png]
[cdn.crevado.com/images/favicons/favicon-96x96.png]
[cdn.crevado.com/images/favicons/favicon-16x16.png]
[cdn.crevado.com/assets/theme_folio_light-691ec82d1bec7095b1e70cce4d7ac7adcacecd8db325bf43b2bc608d35111173.css]
[cdn.crevado.com/assets/video-91046df9faeef5c32e2c7ef490eaa35c0072ac926e318370c7584d36aa5c0026.css]
[cdn.crevado.com/assets/bundle_theme_folio-01d7fae30cf3877ecb1471977287cf2cab030e5a115886562c08bd44a0ede892.js]
[cdn3.crevado.com/artists/11896/logo_original-23.png]
[dhyon.crevado.com/portfolio.html]
[dhyon.crevado.com/branding.html]
[dhyon.crevado.com/packaging.html]
[dhyon.crevado.com/logos.html]
[dhyon.crevado.com/brochures.html]
[dhyon.crevado.com/social-media.html]
[cdn3.crevado.com/artists/11896/pages/48616_squarex2-47.jpg]
[cdn3.crevado.com/artists/11896/pages/4016834_squarex2-20.jpg]
[cdn1.crevado.com/artists/11896/pages/48868_squarex2-30.jpg]
[cdn1.crevado.com/artists/11896/pages/48872_squarex2-20.jpg]
[cdn1.crevado.com/artists/11896/pages/48870_squarex2-19.jpg]
[cdn1.crevado.com/artists/11896/pages/4031110_squarex2-7.jpg]
[dhyon.crevado.com/index.html]
[cdn.crevado.com/assets/icons/lock-b8113d2287e55e16e995649c400a201d3ac4bf58e3b64ed2ea66f8c775139338.gif]
[cdn.crevado.com/assets/icons/ico-spinner-d9d4d242ddecee044faabb948ad42f8f91fd439b922c4779a9fa5c6137b67322.png]
[cdn.crevado.com/assets/theme_folio_light-691ec82d1bec7095b1e70cce4d7ac7adcacecd8db325bf43b2bc608d35111173.css]
[cdn.crevado.com/assets/video-91046df9faeef5c32e2c7ef490eaa35c0072ac926e318370c7584d36aa5c0026.css]
[cdn.crevado.com/images/placeholder.gif]
[dhyon.crevado.com/portfolio.html]
[dhyon.crevado.com/branding.html]
[dhyon.crevado.com/packaging.html]
[dhyon.crevado.com/logos.html]
[dhyon.crevado.com/brochures.html]
[dhyon.crevado.com/social-media.html]
